// Jest Snapshot v1, https://goo.gl/fbAQLP

exports[`has all needed routes 1`] = `
Object {
  "home": Object {
    "screen": [Function],
  },
  "storeScreen": Object {
    "screen": [Function],
  },
}
`;
